// Jest Snapshot v1, https://goo.gl/fbAQLP

exports[`Snapshot 1`] = `
{
  "Parameters": {
    "BootstrapVersion": {
      "Default": "/cdk-bootstrap/hnb659fds/version",
      "Description": "Version of the CDK Bootstrap resources in this environment, automatically retrieved from SSM Parameter Store. [cdk:skip]",
      "Type": "AWS::SSM::Parameter::Value<String>",
    },
  },
  "Resources": {
    "Handler886CB40B": {
      "DependsOn": [
        "HandlerServiceRoleDefaultPolicyCBD0CC91",
        "HandlerServiceRoleFCDC14AE",
      ],
      "Properties": {
        "Architectures": [
          "arm64",
        ],
        "Code": {
          "S3Bucket": {
            "Fn::Sub": "cdk-hnb659fds-assets-\${AWS::AccountId}-\${AWS::Region}",
          },
          "S3Key": "35c0b5c723d90590b706f0c0ee89f9370e44d167240d64d14079dc0b5b037bce.zip",
        },
        "Environment": {
          "Variables": {
            "NODE_OPTIONS": "--enable-source-maps",
          },
        },
        "Handler": "index.handler",
        "Role": {
          "Fn::GetAtt": [
            "HandlerServiceRoleFCDC14AE",
            "Arn",
          ],
        },
        "Runtime": "nodejs22.x",
        "Timeout": 60,
      },
      "Type": "AWS::Lambda::Function",
    },
    "HandlerEventInvokeConfig16376DFA": {
      "Properties": {
        "FunctionName": {
          "Ref": "Handler886CB40B",
        },
        "MaximumEventAgeInSeconds": 60,
        "MaximumRetryAttempts": 0,
        "Qualifier": "$LATEST",
      },
      "Type": "AWS::Lambda::EventInvokeConfig",
    },
    "HandlerLogGroup50A7B41D": {
      "DeletionPolicy": "Delete",
      "Properties": {
        "LogGroupName": {
          "Fn::Join": [
            "",
            [
              "/aws/lambda/",
              {
                "Ref": "Handler886CB40B",
              },
            ],
          ],
        },
        "RetentionInDays": 1,
      },
      "Type": "AWS::Logs::LogGroup",
      "UpdateReplacePolicy": "Delete",
    },
    "HandlerServiceRoleDefaultPolicyCBD0CC91": {
      "Properties": {
        "PolicyDocument": {
          "Statement": [
            {
              "Action": "ec2:DescribeInstances",
              "Effect": "Allow",
              "Resource": "*",
            },
            {
              "Action": [
                "route53:GetHostedZone",
                "route53:ChangeResourceRecordSets",
                "route53:ListResourceRecordSets",
              ],
              "Effect": "Allow",
              "Resource": {
                "Fn::Join": [
                  "",
                  [
                    "arn:",
                    {
                      "Ref": "AWS::Partition",
                    },
                    ":route53:::hostedzone/*",
                  ],
                ],
              },
            },
          ],
          "Version": "2012-10-17",
        },
        "PolicyName": "HandlerServiceRoleDefaultPolicyCBD0CC91",
        "Roles": [
          {
            "Ref": "HandlerServiceRoleFCDC14AE",
          },
        ],
      },
      "Type": "AWS::IAM::Policy",
    },
    "HandlerServiceRoleFCDC14AE": {
      "Properties": {
        "AssumeRolePolicyDocument": {
          "Statement": [
            {
              "Action": "sts:AssumeRole",
              "Effect": "Allow",
              "Principal": {
                "Service": "lambda.amazonaws.com",
              },
            },
          ],
          "Version": "2012-10-17",
        },
        "ManagedPolicyArns": [
          {
            "Fn::Join": [
              "",
              [
                "arn:",
                {
                  "Ref": "AWS::Partition",
                },
                ":iam::aws:policy/service-role/AWSLambdaBasicExecutionRole",
              ],
            ],
          },
        ],
      },
      "Type": "AWS::IAM::Role",
    },
    "Rule4C995B7F": {
      "Properties": {
        "EventPattern": {
          "detail": {
            "state": [
              "running",
              "stopped",
              "terminated",
            ],
          },
          "detail-type": [
            "EC2 Instance State-change Notification",
          ],
          "source": [
            "aws.ec2",
          ],
        },
        "State": "ENABLED",
        "Targets": [
          {
            "Arn": {
              "Fn::GetAtt": [
                "Handler886CB40B",
                "Arn",
              ],
            },
            "Id": "Target0",
          },
        ],
      },
      "Type": "AWS::Events::Rule",
    },
    "RuleAllowEventRuletestHandlerCC67E505777B8B82": {
      "Properties": {
        "Action": "lambda:InvokeFunction",
        "FunctionName": {
          "Fn::GetAtt": [
            "Handler886CB40B",
            "Arn",
          ],
        },
        "Principal": "events.amazonaws.com",
        "SourceArn": {
          "Fn::GetAtt": [
            "Rule4C995B7F",
            "Arn",
          ],
        },
      },
      "Type": "AWS::Lambda::Permission",
    },
  },
  "Rules": {
    "CheckBootstrapVersion": {
      "Assertions": [
        {
          "Assert": {
            "Fn::Not": [
              {
                "Fn::Contains": [
                  [
                    "1",
                    "2",
                    "3",
                    "4",
                    "5",
                  ],
                  {
                    "Ref": "BootstrapVersion",
                  },
                ],
              },
            ],
          },
          "AssertDescription": "CDK bootstrap stack version 6 required. Please run 'cdk bootstrap' with a recent version of the CDK CLI.",
        },
      ],
    },
  },
}
`;
